parallel only (judge, 3 done):
connected                                                                                                    ⑂ parallel 0◐ 1✓ · ctrl+a  ctx 0 · ↑0 ↓0 cache 0%

parallel + subagent fleet:
connected                                                                        ⑂ parallel 0◐ 1✓ · ctrl+a  ⛭ subagents 1◐ 0✓ · ctrl+a  ctx 0 · ↑0 ↓0 cache 0%

parallel + sub, narrow (medium tier):
connected                  ⑂ 0◐ 1✓ · ctrl+a  ⛭ 1◐ 0✓ · ctrl+a  ctx 0