 mecatui  ·  session sess-test-00  ·  gpt-5  ·  mode default  ·  127.0.0.1:8080
────────────────────────────────────────────────────────────────────────────────────────────────────



     ┏━━━━━━━━━━━━━━━━━━━━━━━━━━━━━━━━━━━━━━━━━━━━━━━━━━━━━━━━━━━━━━━━━━━━━━━━━━━━━━━━━━━━━━━┓
     ┃                                                                                       ┃
     ┃  Models  (4)                                                                          ┃
     ┃  > filter models…                                                                     ┃
     ┃                                                                                       ┃
     ┃  ╭───────────────────────────────────────╮                                            ┃
     ┃  │  › ● openai · GPT-5  img reason 200K  │                                            ┃
     ┃  ╰───────────────────────────────────────╯                                            ┃
     ┃      openai · GPT-5 mini  reason 128K                                                 ┃
     ┃      openai · text-embed                                                              ┃
     ┃      openrouter · Claude  img reason 1M                                               ┃
     ┃                                                                                       ┃
     ┃  type to filter · ↑/↓/pgup move · enter use · esc clear filter / close · ● = current  ┃
     ┃                                                                                       ┃
     ┗━━━━━━━━━━━━━━━━━━━━━━━━━━━━━━━━━━━━━━━━━━━━━━━━━━━━━━━━━━━━━━━━━━━━━━━━━━━━━━━━━━━━━━━┛




┃   1 Ask mecatl to do something…  (enter to send · shift+enter for newline · ? for help)
┃
┃
────────────────────────────────────────────────────────────────────────────────────────────────────
 connected                                                                   ctx 0 · ↑0 ↓0 cache 0%
? help · / commands · ctrl+c quit