 mecatui  ·  session sess-test-00  ·  mock-model  ·  mode default  ·  127.0.0.1:8080
────────────────────────────────────────────────────────────────────────────────────────────────────



                         ┏━━━━━━━━━━━━━━━━━━━━━━━━━━━━━━━━━━━━━━━━━━━━━━━┓
                         ┃                                               ┃
                         ┃  Permission required                          ┃
                         ┃                                               ┃
                         ┃  Write                                        ┃
                         ┃  changes:                                     ┃
                         ┃  note.txt · 1 line (overwrites if it exists)  ┃
                         ┃  + reviewed                                   ┃
                         ┃                                               ┃
                         ┃  Write requires approval                      ┃
                         ┃                                               ┃
                         ┃  ╭───────────╮  ╭──────────╮                  ┃
                         ┃  │  [A]llow  │  │  [D]eny  │                  ┃
                         ┃  ╰───────────╯  ╰──────────╯                  ┃
                         ┃                                               ┃
                         ┗━━━━━━━━━━━━━━━━━━━━━━━━━━━━━━━━━━━━━━━━━━━━━━━┛



┃   1 Ask mecatl to do something…  (enter to send · shift+enter for newline)
┃
┃
────────────────────────────────────────────────────────────────────────────────────────────────────
 ⚠ awaiting approval                                                         ctx 0 · ↑0 ↓0 cache 0%
enter send · shift+enter newline · esc cancel · ctrl+o/r/p MCP · ctrl+a team · ctrl+t details · ctrl+c quit