 mecatui  ·  session sess-test-00  ·  mock-model  ·  mode default  ·  127.0.0.1:8080
────────────────────────────────────────────────────────────────────────────────────────────────────


                                 ┏━━━━━━━━━━━━━━━━━━━━━━━━━━━━━━━┓
                                 ┃                               ┃
                                 ┃  Permission required          ┃
                                 ┃                               ┃
                                 ┃  Write                        ┃
                                 ┃  {                            ┃
                                 ┃    "path": "note.txt",        ┃
                                 ┃    "content": "reviewed"      ┃
                                 ┃  }                            ┃
                                 ┃                               ┃
                                 ┃  Write requires approval      ┃
                                 ┃                               ┃
                                 ┃  ╭───────────╮  ╭──────────╮  ┃
                                 ┃  │  [A]llow  │  │  [D]eny  │  ┃
                                 ┃  ╰───────────╯  ╰──────────╯  ┃
                                 ┃                               ┃
                                 ┗━━━━━━━━━━━━━━━━━━━━━━━━━━━━━━━┛



┃   1 Ask mecatl to do something…  (enter to send · shift+enter for newline)
┃
┃
────────────────────────────────────────────────────────────────────────────────────────────────────
 ⚠ awaiting approval                                                         in 0 · out 0 · cache 0
enter send · shift+enter newline · esc cancel · ctrl+c quit